// Jest Snapshot v1, https://goo.gl/fbAQLP

exports[`<PlayersStats> should render correctly 1`] = `
<div>
  <div>
    <h1
      class="text-2xl font-bold"
    >
      Team City
       
      Team Name
    </h1>
    <table
      class="my-5 min-w-full border border-main bg-glass text-center text-white md:min-w-min"
    >
      <thead
        class="bg-slate-900 font-bold"
      >
        <tr>
          <td
            class="border border-main px-3 py-2 min-w-[120px] text-left sm:min-w-full"
          >
            Player
          </td>
          <td
            class="border border-main px-3 py-2 "
          >
            Min
          </td>
          <td
            class="border border-main px-3 py-2 "
          >
            Reb
          </td>
          <td
            class="border border-main px-3 py-2 "
          >
            Ast
          </td>
          <td
            class="border border-main px-3 py-2 "
          >
            Pts
          </td>
        </tr>
      </thead>
      <tbody>
        <tr>
          <td
            class="border border-main px-3 py-2 truncate text-left"
          >
            F.
             
            Last
          </td>
          <td
            class="border border-main px-3 py-2 "
          >
            1
          </td>
          <td
            class="border border-main px-3 py-2 "
          >
            2
          </td>
          <td
            class="border border-main px-3 py-2 "
          >
            3
          </td>
          <td
            class="border border-main px-3 py-2 "
          >
            24
          </td>
        </tr>
        <tr>
          <td
            class="border border-main px-3 py-2 truncate text-left"
          >
            S.
             
            Last
          </td>
          <td
            class="border border-main px-3 py-2 "
          >
            1
          </td>
          <td
            class="border border-main px-3 py-2 "
          >
            2
          </td>
          <td
            class="border border-main px-3 py-2 "
          >
            3
          </td>
          <td
            class="border border-main px-3 py-2 "
          >
            40
          </td>
        </tr>
      </tbody>
    </table>
  </div>
</div>
`;
